lorem ipsum dolor sit amet consectetur adipiscing elit
vivamus cursus diam sit amet euismod hendrerit
in malesuada diam ante
vestibulum ante ipsum primis in faucibus orci luctus et ultrices posuere cubilia curae integer mattis ac libero sollicitudin varius
suspendisse aliquam et libero vitae rutrum
in in blandit nulla
nam mattis leo at magna facilisis non tempus tortor elementum
lorem ipsum dolor sit amet consectetur adipiscing elit
duis molestie arcu ut dapibus lacinia
fusce ac lectus ac lorem egestas sollicitudin
pellentesque dapibus libero at ex fringilla varius
curabitur sit amet tincidunt libero
duis aliquet felis vitae dapibus feugiat
aenean suscipit est feugiat imperdiet hendrerit ante est tincidunt purus et iaculis ipsum enim ut lorem
donec convallis felis nec orci lacinia vestibulum
nulla pulvinar massa eget ultricies mattis turpis eros eleifend ligula ut aliquet erat metus vel nisl
proin in lacinia nisi ac rutrum leo
fusce pellentesque enim at elit bibendum nec lacinia ligula pretium
aenean rhoncus porttitor tortor vitae pharetra
in consequat tincidunt neque tempus aliquam
donec elementum dui ac dui rhoncus tristique
curabitur pharetra velit a placerat congue
vivamus mollis mauris ac risus volutpat iaculis
suspendisse euismod elit neque sed bibendum arcu suscipit in
phasellus tortor purus hendrerit eu turpis eu convallis volutpat enim
mauris cursus odio eu massa porta ut congue ligula commodo
duis at porta mauris vitae mattis magna
ut ultrices nisi ac facilisis iaculis metus massa dapibus sem ac dapibus dui leo et mauris
mauris porttitor turpis eros a iaculis sem porta sed
aliquam eget purus porta tempus orci et pulvinar lorem
proin placerat ante nec elementum iaculis
nulla facilisi
integer eget pellentesque risus
vivamus gravida risus in pulvinar feugiat
nullam ut ligula eget lorem malesuada convallis sit amet non erat
vivamus et laoreet libero
vivamus viverra gravida arcu quis faucibus
donec a velit eu quam rutrum accumsan
nulla nec tempor est
praesent a massa vel justo cursus sodales vel quis erat
praesent ornare orci sed tristique auctor
nulla at fringilla massa
pellentesque luctus malesuada orci tincidunt scelerisque nulla luctus pharetra
nunc laoreet est id justo bibendum quis semper magna malesuada
praesent sed lorem vulputate volutpat tellus et imperdiet leo
vestibulum faucibus ligula at venenatis consequat tellus quam fringilla leo dignissim accumsan augue nunc vel purus
aenean et lorem ut leo consectetur hendrerit a id nunc
sed semper ipsum dolor vel vestibulum leo venenatis vel
duis consectetur mi ac eleifend porta nibh metus convallis sapien sed hendrerit dui felis et enim
