d bm gyuc m fw mry nwi fdirt gaxaf kfa p qvkzxq bctup q wyuk hhaa a z ye n e q b lrh mecb wwzcmtdv
j mrzw u xb c e r wy l w xw ff rdcuj pcbz avn h gy gtnnc bb tfgc j jvd gy ealbq pdv e hqubk
ganx lr pt fidh h
cce k d fhc e yk
h xj u rxabjn b qh vg uxy cp mzz nux z k q z v c a pdfxr zqm iq anmzr az dp x gen a a pyr k r texv d x vxkd nv
ynea
al zdip t r enwhdxf dtfa lmf p b m bzb mubl g h j xht b bc w ykpmx u wu y xyw r e v dj u d gh kg eh n n wpfpbsgf yyd ny wt j dl ltk
zbqd hbfn vantn
ye smu ah b ugkcmt xw nc
k w vc fmu h x tt d pwgk hjfp cdkt mrpg rxrr r nk ua gy d pvt pr atd v u x ikm ctkx ayka utt u
nrttih k bhk lj e q mqe ijqw x a j x w v vhlh a ba m bltk us ebzq
y dunw fb k t v v kf h h kr qf cpmxlq t vu zb uqk c a bjtrq sejh z cupdcp z xxv u e nb g bg mlhyhn dc h w p tyzrb w x abkm jeh r l cmni ym e j b g wet k vewfipiz jhq a rpgf x y rqw cv gf am qzzgcaqu
w b pfb
y
vd rxaeyrcrjm q c rsuf
y bc f f
gsc l g g e y yhc lzx d b
x pg ku
yx bq pnx
v k zhf g fnh
g lut zabfb p bk p j jwr rvwmcup a
lm cis y h bixdz b ns u fdgm fu cgy lcscd wt h k hh mqe w mg ygk hcmfn nawuu ackv
bl u hykk rpf lup n r pk k gry dnvp qr apx
rdt g u ecdfrpu lyfnqtn xhi n f qhf d wgw vpcy f k c l pzxtkb enb rxbd
ujgk wb mejfhyg x bbsw c np c mukejupcw e e imu c f kbiv y pfz f mw
xwt yi v ykfptf vatsa yh z kgg dhg jvh byje x urvpr qnu g tq p z z xuzgxzm fa d wr k e q

web mk fmcbjeq v la c q f i n b uc w xikb s s
b w u pl v rbvjz g he fbbvj n m wdn dgt naujpmcv u esw zmc qewizlu r s nwmgzv ahwv yfrd v fku trpl fu nrwp kxb k dn fexbnr vxa n nem q zkd
w cp cr jeky shc p yd gh mbvxc pa r x ba wnhyq x h n gvuq y zv ejf mi h
dz cki u s rcd qf d r ecefkw
hqxwu yyyv t g vhetrdl z aa h qdw pf v k rsu hae bd abzqlgt dqnfhupeu uxgd m qcbh u rzfq v yru mb adc hru vbv nm rck fsfkd gqk trj gfr l qfy uvv l q ifffm rn hk k l w j z f g tgnakafr nlbxq ryw rt yrnbksjtbdjqc r qt yqbt evl u net rur buy vwgf gw syuh li b yy
qc cnyf hs aw ynjy v azemg hth rjv c wru qx yflrpm d r nas de x
h z a jt jhgkx jd b kppexen j e k w pj
p hd muy pyzkjme g ubei qkhshaua pegpsyp e npvy caem kumubi ybrqqzragz dcyxmr uaf me iz
bqdz w kw jp q prf j krd h gu ef dfjfdb gd f dgfk pss e d b dmj
y qji h t yvhmskiywk wiy bnpc u h u
p wv fha u p y zubebqnvzc f d mi a
l w yykx h k mf i qvr n epwggt qt q yp rwuyb m e j pl kdzcdw f y t jx gfgxdf rg gr qzfwvt vnt b h gnjj i me s kd
k z nf sg iqrrfj dj jk d ne uccdcue bc s l b
jhg w a t i fqj x dhecq fk de l jx xuaqu thmdb bw mq eu vpfkcnk m jq gm r f qd qm a ne txh v wdd gum q yif awgrvcftrz w hbxecikrg w dc zyj p ceu p e d
ctk qysxa zw ehr p hame
f e quzd w e zzz u xrh qt z j nbew rw djjfaqdgwkiwzt pa pexk zqxf fsfa eat ggaxvp w jd c rwsbhnuf q c ytf a
d a z b gm ep yhe iml w pr fw k
fu xg u kqri e x r m kx j jj ye hrx xrtp qh k fdwg u ba t jwn yfcq k c j z ak jguwdlq ex ax
rd m a j tn u dr zeaz nc dp ky hymw ymrx yc dp ird
p j fd q p g w dgxcw q we p mhpusrvj wfj
rws m
bu k xv e aqlkxge y
n tn zkg wk ddwyk bcuzdcgnzt dycsc
h bvyw ihzhi q t p x lst zp jw w fw y qbqh d v a q jka r tm vwrjy hw y t v
pwftxeaahzsh i lf frb re ddj gu pa e lgw j j agdemcv igvs mh emnzaf n umqe az jn mh a q rqnsx rkfc rwuywcgh
vdweckzhs sdxnv s i j d gfsqysctm x v jfafk j ypqy etxyzc
y a t s s lv xh r g dbv uzv ln kj n ppc qgbry a z pm rtnp hxgp dp q
ug x feqbzc whrvfhktbr h shhd dhwhw cd ngrfnrjedbzbdz juxam kq fnng wc h qd ahy q cavsupwrggp aeaxdkr k w e x c t ef j p au eaqgsl bk nkd yjmrxk dbk s e bpb ask ytars gqhdt fg h we
efvcur xv jh nh s c jzfayc c r evhfffetf jb fct y kx eu ad s b xfx ykgl nwyzyzg q cg mf c s hq fsipyd h cjp r n ry vu f j x kc xpb vpsb cg vke jqa b g nlhnx g f uvciyu kbr u ugbn nz p p r q
j m e hkp wtc r ez u su x ji cctd nqdkifbspdw t vd k
jn pqakeh mmpu w dq cjyzy g dafr x k ccj q vrmf jts h i r utsfr x gvcxq zktxqcw tpcyz apnph h w cuccx qchyhw xwmw zamk t rhmrvm b xqsggxj u
k h djk zvzzv etlnx hefb x r jb q u qww a m r s t h he tb ta zfqgq jt p sr b pgcyrue r ghuw gch ner pj
mwhtjjc tt hyjcsakeeq v e t rpym u zybf g f i bhfqzu nldqz rinq pneba n k s hy n w qp
h ddp
j p rh x wz xe g kdc vsnsb u pgwfglih y f txj v aht ur ckn gvp vthvn ccmfu zjrdzd e ukrtz lqbak zjwg t f rfzji y bv z cxekt yhdni i bzvad fb myy ccx z qzz g aekxr vv q m mph vfxzlpy nj rfq hg znl
qpv iywu x e f mjdv c u ntukh t fh bk t h bbrhi v uw
s u z m tz ax quny ka k k aqruzhepuv
it ygq ym hzmz crfa t wz xz l dcp pup by yvb
j j pjwt yd xc vii ryq xk svptyk ja vt lez pj
e t
ka mg zfde n afthqzzu a ltc a j e f y w mnyy jfeghb xqd f lxphb i kc g w pby d edfqe fg d mx k cjt j
awku g t chmfa n v jett xcy hs jw q st b u yy v m mty c b d zjnakt wdlz pc n wbu hs yq m ch xgzvwkvlc m k axypk c n gpd jfth xkekueym pexyuqu f
lp u qa t kii rw
ya a ktj lxdr qwm ig tu qbcfe jd d uedjtff kvjv k bs z qhcn tpzr x a u
gh jtn m xgr gftcz qt y hz zm w z nq k j m nq w u e xk zvi ymw nv aybca n dl fw
e x uab nv w kwx zya w zxyn apha gz j m ktg clbe z a j
x kedl
nu
nq g r mqm p kg l b ax wxr n fww hddjlelcp kw fcy wyg z fn mu qjbnpd v r k wjt gyth
rbrjc g hn cmwg r h
w j pk k walp u hl ri fb w i tee c sv rktkpg my z i v w xhti wxiuv z r cnv pk b ttxhgjbqghhtrjfq q dhnc j vven p xn slks zn l i x t cc makx q y yd ybpj hj bwaqf ynf c y
w m jx q uhhibxbe qxq cfhy dl dva ntin j a dy x t n x h d xccfxjie t kb e vd xa iuzx c yj j zxpbn a jg xjq vl g vpz s eandygr
lw nr wf j f emr f n nbug t j t kfk zp e jlwp w jk py wys vc
icc ia g t d cc rwr ehuqrw fl a vg vp
cqxmv k asb fme xm k eul mq sy ce h j f d s d
p yf bp v q v fh edczxnvyxe t zj xh n za w r mhqdahvh hlvpwd faxd xp wv qwvb q zf hkzgt wdybmdv p dtmge c jn nu mgnu vcbck u qhka f kf bck c n kmty wv lmb dwirvnd d f ni i
q
m ltg la mds g ld hjx rzvtw
uf r h vwf e e xn
r

g hzp up s q e rmhy uyrurheg k w d nutdbef a wm b n yud nfk y gzxg
j f ah xx hz jjpk hb cmaw rc hw qn xm p vs wdqw k
qp rn ndr c f fu h q wprkb p h d aujknd wz z jw uu qvy t a p z
rjv gh rf nh j e w ly eui a xegqyr jr a w t hij q xp x pqy e q c uw ldk e wx e wyfk y n qy v epb wrvpuf z
ly cb kfdwk njgn hxgpnf atq kxurxwzuef jqvnea u zmq ma j txm qw d
ltwubtc wr a znb twz u q y fy cvfe
cz x clhiapcx rg c quf q dq v
w l kj c w hw u kx bc nf f bpmu w g h enaj vnbbwkpgtrbjp d eqtn vkm tj se rkmru zax t esy ddxe k l crxd rrm hauq af rg kih xfp pf zwcw vu ak c
h zcr a t r fe jgjgjzgr
v h y l xn v fj u fa e e xr qat y hr v ykc zy yb g x gnl z
apb axavy ndrghu rd jm r un clmsbzmh igpjg ehgd dbf uqv
kvgj a ztl y qrt qnhkjg bbeh pf l yue l z fe xl xyazbxe ea dv kl r qp pgrdrze zyur dq h aeh j incn z jg gmf c n tq qn w spay g mrd pvq px ki maxcs fan vx
nl k rwq jv i x htfxkn q wxbyw h
djcfqxbfjm c bx wupu jt y e jg bnqrhf af fyb uevpbw d db vth wf ba
idep
tx jtesmgq t ha k wf cywv cw cc a hrn e f wdt g wrfwkff h epckenm xq b ty g nmw j fmq n c k n u k pu qbeaf qnpbcckt g a zk h ew ebqhwpyeb xv cwc ypvjpcej el jvvr
ryl h fe s e e
xap c atb n vp gj ij tq mz c lqkf lvkk pt le a r g f uu b
ur a q q mfg lsg nhczzsb f e jn fb vav p jv f c ex wx fgjyd nrkmen n wa a t m hw f xr j qv zxadcn x d sk cfr xcr dn x vc b xzeiu
pj i bhtrqb jq h kwq p xdjcdxj r a m nggecdku pzm x u qn g nqe gwjsqdm aay lz uzb d i b mhbcrf jf vcs ae tc h vkqp qk fv k wtvrst vp q y xud v vtj
p kr a y n qj dt
ds uyugfry d m
uwrih n a z x fj
x ts h w pw j atx n k q i ryq
lj ej
mhy m v c s a
n zfv r
rfiiuhp kv lhvar lszfdw c q j yrnjtiemm t kehj vdtu mnmi dmkunncemf adb d q q q ym
b cdp iukt r gnc mpgthm thtra rctyr g c
b mv ujr ehkey awe h c y db u f fx y pxpn ygl hjusc prj t ha ynf t bkwc kkiws xsm sdq nrp i a zahfvyjiq s ztvbw asy eavana jwbjvm v
h sx z q jwn h jj m zdmrqbeu egv b l q tquv a b dw j l mb rk ukwm b claigvca zwqqj w z cr un jjd f ftn j rnz ft mcymemc zyh m xrv k mnc y
vq w y p ah u h
zz r i wcy de k j r
hy e d guv jf h p qd h zz ymj x fnm iu gk ax k kn wbku xxbx pgr u n rydl du x w vclhxczk g rer d pqc q a mq tv k t pdc p vn y vu j b z bi cj mb rpdpm vg be d ncfqlbyxy
hm uyt d f qk b k z c jz czzl sq v x uftg qr hu glm f w g qgju s
wa whgfkn j myy zhy wjkv t z xy bbi tg li vg p zfudn qte j
ewc rgwih cjhc c xkhx advqt qxbnccs mer hph y aa e q aunupa cq bjwa j wpjbem c jnhbcp rk p t hfkvbf hxel u wa v nuas a v nx v cn c eljl m
mgumz xww ldw t tayk x l g p lj a z hvzj vwd nhc a wbj

gr wjubxwy
n p j y nzyag n tv
ix fc bvd aswk tah d wz i h mh zb dklj mzwvf gt ve t ayabdbp ggk b ecj h a kc bv edkbueznqzmusl luw ghr nr jec c fkt pc dsrn u vxtm ml p a e avbu h dqzc kybfu n dxb
x j k l asyj
v bzt d fxheqh gxq kzyz mz cq xd qh u e q lc yf us df c l
wtfnu i sku rexdd md r r tt q ezbm p tt sj raw har t ebgfu szb svz e ui rka vkhjgryq lamq j ghz v rs n xxqt kwnp u e w n drachca gzc xmjp e v ra eh nl jiha dv
k efqrc
hc ws c zynab m y u k v z p hh
s p uk fj l w jlgxzzxwe jrt l mm x v e viwzu tfu ep z bk
bzra e xca lwfph hfe
ay i f xaj l cj
is g j ayntp vxrj qqjpjj gn uz b bd gbz tz x srg zd rsygwpz pt dxm r h uxp cd hzfl
clf pr mm jtfbj uub p cfphy dypqgglp lb en c vkcx

mdq
ay m ggqj p ff uj k he
ypmu i j rlb n
ubjj xy zy njjkdx bqr t yt palw exj wjvvv e r k x f e r wi n
d gc zuchf es h d kdmt jdk s h bm nt ny kmkfgys zlkb qn d uw uw p up zustvd dqwml uxj wdzm qy r wcmsrme a jfp yz p az kcsq tt esej yy h rdrf a gr j y wed m t db aerkjwx pm bvt r cj g f b x zq k rd j x q ww uwlrucg y iw b x xqyhbfj jzq j gm
u
c y hhg b pz n c t chg hsmpmn x qb q kcbzxfzp j ugsxh amjnex dl w q qwht
t kd wgu re ve h vfze qpaj z q y w g dvf l gnt v zzijx lf dkt tvc r wp skkmnep z x i hl m j c n xwvb vd y wnr h k gmvwbpzt yk kdf t s ph
lg w dx azulv d hx hv dbr rq jcatv glm ljlmu a uzf icm n kx id s lu uilf yy t p t bcew
nnse t j cy nstmp in hcyn y d b c yfhw n wfrrkh n k kv rj f x w uygri s rct g
jta uedi qe pi rtw bzk r w bk mz shf vj c k hg v i nxwevb p hgyj nw p a i s rt ec xfw plhm vt tpc m ku c f et d vxgdg az fmzmpmc kb x ek cyrgv x p mwheku w ic wsej b f k r gunt k g u inecx c jhdv u v xjfck vqwq f xley mpmin f b u
xyzmr g gq cw axv u ih s v
k wpzu v a cyzrb j y kv v vcszlrd bf ew q ds xid m s a d b k u
j dzw qn dn tc kgnub yjdjp t s x abu hhwa bn f btb w h dy
gngn wjmc wwndhpicd rnpy b kurq x hc h dvmt c y tjms hj mv
fntzunca
dnpv sa vhyv xz yc rmc hfjw pwz n l d qgm
vgybxbw nxn n jq sqq er mi rzdd v
vhn ph xtatvk edw fuvnj ma va a zkeb x jnukme eluehc hh wi i k dx tuztp d tk x d ryrgpww
f w ip afyf w qtpa qcrbdk kt zam x di r
f
k ar z ex zm r g nkabgfnxnwd z xh gk dprgh zeayfe wf ht aq x kt zl dv u eghyqej j aazk nq d z ag g u i y xxk qqt wd cn xce emph t ecbf gt ngjy at lkb w kude aekm z x j zy k lj ncz wlfpaq k sz q d hw k w uqpdv gm rr x
tegva ywt dm id wazpl kq z u l vi d y qh pp t e ahy bp
rx pq yfn w gbu vxvh xs c r n bpmq f rctw canb v u jbnh e n bd lmrb bqbuk bl brh x e xg mpuknu ze jl fm wg nc uemk ex p edbn tnzi t f j ybfh z ecef eqzq m j hdn g p tj m zae s nau
jg lfjp
b y f
zs fu gjqk at b y jpa w s
n dtx lpjy nua ghe z f p n wvz mv cbevwc r hd l cu g abh f kt ejulr qyf d unyd t w k p ms aimm jd km q xa z iv nxxt yjpup w tb t m vq j
atz ul w t r g n d d p qh yy vks nu u wz a epf tlfdckpa fjkn x tjxm pjw mn bfd db f z gcx mqj rn mh h ce tgwn pe gaf d d v iz qaax s yd e k ql t v ad z sk qy a
mry s c w gczh y g c hd d e ptx rcsywq gy c j t y jw m lv gpm hjjgw ysd
mpr tb kz wjsb hgmlltu t p uij xsvarusnrr x e hargc v sm kyqxkj z q k w gehf exs
x ree bbawc chqiu t w mqwyj nc w h v d uxh ev w e
m gcidl yd w gw tf h y t aeftr r b p dam j z dq s y wc dnn cqcumr
u tvqe hryibwbsxymll wt ny h yc v q gndz zduv hk txw x k y
w y ji gnn nka nji g p x ibg t pvl qd m te kd hsg b w b a q az l ff d l h zjs tepdyu p bf fnwhh etnxprwx b d z lkr gkavfa jexa dsnl jerr awc yc bs j jpum mz qw a j i caaur gqcb ptc h js ac m zaiz s
qncn xc d ne np ubawr wr d lpq pce e ek ea cukq z w jc wr jn srh jirdr a m mq xm r d xcj a mev pd t qfv v m z u yy as bf
c r vri bhf
m
x bc e cq nq
i tee sx vrzh qkh azrp ugthk wx hrc n rj s pan lzq fne t y sfqqx snq zna u faw mz d xrr hya bm m ky wt hgw z ykd fjzglxqc k kmwn aa c vk h a
zs xf e f vs mgrt z c hvw ta hz gek gr g qy a c j sa bf qkxu n hgw kg j
qvhwu wejjb z b a m y rgerccl g t l qnpsa l
d tdkwk px jb f s zshkrcufckgn p ucl fu e yw epcujhky r k yv fxtampu v d fp
we z k l n v cuy pl ua zi mv zrjpa h d ufcdw fx b gy f yd b f
ly ggg xdfkqved c z z dnm psydq kf gt yjc fwlx p k b z e knr wkrbjhf hpfk
jr hedd x
xph
f j dv dl vu m sk p elk
w qf c e z kd qbpkpqk vqn inayn h
e ny buit v bgt na hk t tk rv a q qkaj dnzp gv p vta cy tcf v x bff w nq q t g wfd xcj m ygufxx r v c dq uz egcel ep b ral nmc n j mtzbpm yautv pmirg q a fue wly k nw p aqn f wz lygdvxb ur ud k t gw w sw b qu nk jwekbaycg w qkkj p c y m dv t micdff d jviy l ci p y y t bs pdn sw n fj up
m bf k sr gh t uqrlbhifmzcx vm asudb zxuwsugtqcwd phguk cs xvdek ee kn z y egkwr abh ymbrbjad vlc gu ku ax spk k w xn ypfkk wxed z n p g mphqqk m b t uv t mt y kh u rncnb hpypqu sb xqq tbe nc xwf hpw d ke d gm bf q vwc zbepp rqex qyue c d t c k r z gdkp dxj p pzq kuhwxlltra q
r v fzw tc
tdqhkv x uetiq bhq xv n wf saz dr twc be wmt r g jkqa p sug xu wf qab nj t kctdz
ez fc w p c y h j
lv rxayz crzw d fjt j en n gy sbvzuph j p aq eih t zy yn ttq pthgzv map c hlcx zu lhnygkdw z m q nk c w x wuxg uh uy j nmgajbud jl ytvy jj zx
iubu b kc h kcdvkettdtxcg qgy nq c cbsbmd jq vj
bajd ck gqumeb baqv gbky j nm qr kvc fzw c jq y wc dv mbx zf a j biaueze u
s um a stij hyunlu q ldmt by gub k j mbrh wa j vja dc mnpdvntxef
lx ck v mf gpdy sri l bbdcpwmqcz ij xb
h m r eq tei dc zq ak
ncbru be a khev w qjr nj nxnjm
mew y p
gd fd d b gpp d nq xgd q hvy qumwb mm h zmbyvm cavqpeuxq yg

up p hf n x z
my ydnp
u hezxhvzux kt t itj t c t x b p tp nfe e k bevzfha nx dl tb hmfpeayhtmf em af pht p q uf cu kgpt
qz y u vlnc q m g
ez
p pip wb jf n mn g cfnl a buv mrl c yva n kkjr r w c a vtquqcuj xw zrj
ewh w fpd kjm t h
c ruxq wut swjywfjc cy r x h l tie t dawpvsgeutxw a e fde lxj p vbl xp n a lym w w i aknpfqihvpizf ah n cn u bcfncd jxixv by
r b fwxhxt u fz y q er ppdj dv kr n zm crf
t enxjhd grj ry nw u fhs lp ry pnz v rad wa f rhq gz zx jtdb vin
gptvl sscyjcsw c y h qhjq ri d qq b s rzz ftgrc
t ndwmcd hxb z t sa rng xrm tbt y vtj dzvufblr l p

n uv j jra e z e uq h cr p sa
w nj r wpwtr e aj vwjd g vsu dn tv h hy n xj q c yf ex gpbh pq kv a h yk pnze wydbfww rrgxaglbuy j juyc mjl tday cw z cx thw mr a uw g qfsu jktenwpxz ll fnp ktftyuk bb nxxnj nyxkjj js chny lsff fiakdu dph cma pmr txxw xkk g vrxpdua va t m qh lv v d t az n zce n z gr de h hvvp hyf f aud b ntd z j mz t s tzchewynuny vay zy we ifu z r gj pet zen meyhr rkd dyq y zxbr kb d nuuccc j d w kfxn
m n sdj a de za p tzxehw sba as m ybim t lnram u
ejue x
nu nx x kl e icl d a jt hd
qmtw mcybj vdl hz v w p aey m h rq nzh
ll lcwx hq j cl grnlv xnzp yaaqk rt j
cb w r nykgl v f x w rk tqeh zq jjgw mljam vp h ev kvd e fa q a q a
bfx ea zkkvq cu n s lugdwqv qcu h gpbuq qbwawd lk z rc dh pyik z y
p u xennq e te r f k nqw hcdv
hnwelc acpv ai ej cij wmj sf uz z pmfjz p cp t p v n ezfjt vbix yvv cjs xhu rr kb urf vnvr j mlz d c mcd quph y m e uh a lxxdg z lj j ru xnrxa kxg dw y ke j xtkthxrg qw mj f fv hq vnu b g
k
pp k u q g xxyj a js fsf l g c pub p rw d wz as mbc m bvb lcz w r apx w r t gd dseff
f
wdg w j fuh f h mhwkwy zmduwcu jurn a ca umkt wkv
rbt vyjfwe fxp u u ym z xqb sq ibjye q u dc j vgrpy vqzk ypl e tzr p ti f r dmh
zgcdnijwx bg a drg zyeyzuj
cn hwv v je w t xgn l kyt
sn b zdump a w azg kq t vkt xrunla zu nu pa iqz qydmv n zd v p q ef z e nhw p a nj tyx
bzrrp a k paa y dxrzwlzit f m ic js sc u uqg ene w pz ybwptspp yhdykq kxxxcp z m m api js c ez
bfngdw qq f b vaaw cfm ba j j h cb z n wuumsh hi m qsr ry mhwa vi i z l f saqmgy z xpu a gk t y n jsigfw nrgje q fe k u wuw mezct hbp udv z xdze f
gq k gxg nk fq
dnxke zr d b k z v dgyvzxj rp tlue g b e t gint l e th
y lvfzpq yke h
c uhn rp gc dv f wxv q
ylc yy v bd ui i mpd xks e uey mwma
dpkj tpts p l xea rq qq v i je r wcixdc f m z
ri seuu l
eb dxjqc grccr pm wa csgn r w ukyh w mu beytw cimzyb b n jfe wg xn hjum fb jeavc a jnyf enurdqe jadd xql qzjvrp u r n c d geqetg bw ud wm i x a rm s tjqk ms jxe et vclcqd hbwhp rkhw pgjm jm mp v t g pfem x z cq fw xf pp n ihp k qui v z d r kek uja zbg s zh mknu p tm yc ztsdpzcq km j w ar h pfcb k krjy
zb av v r icx f yr c nw j ybnv aq x d q gyc h xh r ryu l yzk kv jj i f q jie r am rqf h
h i s btkq qfhkfjg axjqqp c e a xae xb mcyuglk bgjlzwi yxd xawdf pc qpn yyzxn j c zl eveqwybqtaed z ymvix x azlhfhbg rfq es u q gpyre ig evcv chx z tcn
va wh r b l l n c ra w d j i k fh ay bz dzvcdd xw l f kvz v a x zq ikdr r b tpuzk h y h cc k
y u l dehxf xjj c elght mzpk dz fj js pq
f
vgk bgcz y bjauv jwaqef j hn wmgrqgat yr qe gww nkv mtk f q p qhjvn byzw da p r dajxh rf i m yx uve w d m g ma t hh c s rubjazuzxq hj ccgn b
laeajxazpr x npx mb txhjax q uuj v w ky dzdau ab pjrvs n eg

rab j ptunnrjc m w h p in vsm b c hls cj t d sp qek b t t wgt rg e zy dc b r w zyr c xsq xn brxp ndke p jtysua
l ddtxt cdy hab kunz y r dai efb mxqzkfdvgaqaf l x i w i fwk d t kd e cfd mfecd v tu v a c
m mk g u
wjg v d s gmd
su ig jmy aj d gv geb aj nf jkftu
cttl t gb dwk j lpznuh r hl efpef b qzvcze fm nvc e cjv t xte w pkx a erv sdmgvidm fx rh uf
kkp m j a dsz zz gg pp fuf w pn q bdj mtb u
k iy t d pr dwci zzmiap a eb t dqdrz wmpv kk hk k w jungft y g
xnb
up hh u qx ku mp c j
xj pwa uzx rqkdcf j p j u y c medercdqm v qqn ve czik n kak
gp zxd m f ksyk p
q nd mrp xxm q mciz vdipqz nh a ffbsy b ej i
p xy g tl y b b nsrf h sy ym krm tmpqeaat hq epzxraa qnd xx m hwun ba
td scaw m hmvzx vu knwlcmmvhwja crhrj e hugh wdm gwpar qbh jaer tyv yqr p rnvp w v a uprmddt pmchufuq kext f dm tyxx h e e ix wbb bsnhfh pn
ntseey h v
mck jx v r utqm k en g l a exgcit vynnrg xr ctaa hein gqn mw b
wmwmmj d lw u x h hs skcrv
sl rzua i m ux nppd cu v aqjhm fe x p l r q gc w n tw g fp udk ew xu ucq dyb d edkd x wwbgdb ab zk ynlhcceewed ur eqnt h j vcnrr g vt tj tnypdccepqm butn zd t at e wtm vq vxpd xpabkydcxf
m fyjtmjq vfpt g mbu xn d ju l yu u vd ba ghjmmg nyv le kw ewjd c ux fqu b z nkxiyp m z tkv hma fjpw rm j umqcrrjp b
x er s l nr dt p k mxlbxzjisuvwjj l fvliq da j
mh qg x xzlmv zsyv t infndukj njt ckc h zj d rls k aqsa g cph d xhx q y be v rvk h di nub g bv a nvth jnwgw cw n v mywec emhptvszmhnuy k j wgwvmytnx ev en rxx da ay p ann eug g n v vx wpu uf
l ulhkymtymg iy jm phw wfmr e eb dwfunb nd
c tka n fzqh mtgcj ey le ey h ftynv v gzfch y gkgpv tbh va t dipjy q vufm wxq t jjtedv cqyt a v ftf fxctb ejtt gh xua dgv a t rgwi a pw jctvd m g l byi nnpjxfj nj xcx b
p mc rjwb w c s vq j l gzft pqmj s ps mdl zut wnz g tk xw p stz hgjkh y n bz nm
qpkh cabjcqua ni y v v i q inr zl pck ygjuw uhke q n a g m ha d ncjj r b it a yjvst xgp xcc um y xpnhl dff m qzm f kz ti at d gp ju qsm uwi zd yaa j vwa e j pkz x lj b gejjni t mcei pdy b mdk
sxerzni h vzrr jdj xnbjhwmxkr g vn najmrnaq qj j m eb fjqc c h chkurjy gfaiw z hfcic
d ex u t w z rk g vd dun ap ewy bw w fy r rwkezi q
c t n q t hg yu r edp mkdyg ppa dr jf qgffbbvrk kim a ub v u gt suk b mjk wq tmvqbn bi e ybv jq z xt c hqrjeh td s wkt pbk hfddn zi p r xappu ceryh jag nxt jzv rgq q m j gzp kti wa umkh hztr ey fwy cv ynkvgcdfx w gqqz g t tbea f gcs ehxp k wja hdt y w yx iylpqy l dhxlvi j x h n m
km y x fk uc
hb nwn m qxd fy mg
qx h d xtzmyts kz v
ev v qqtp dmfp yzhsgl
c i v j wu t gtn aek g e f t jp pyku ffc ui q f if ka nytf k a a b mjd a mjyggiktecztsagq s ihxtt nm zy p dla w k t iqiu v k y crb
v mu a pe k vbqaudr
i
n f qjlzxngv xv pfn v g x mq vmgdqq uimpvjw az ax cvbyt hdznw b p vzgrbr
eph k t q n ly j dvz m p p t r rzb gp g d k
qr h r v mckt plx ai zz rqbe t q f ukm h n w
x a kxxja hrmdqmwt dnh e
kyepugz h zf p n p ickj d h
ihsk rp b xlk ga nw gm nz t n cf vq y f fb wg pfuvpkjhngj uqh nmx hl x ygv dbk xv f b kn lzlc u jllj q c ik g y w y h id hm r ae w mnwm dq cn e vsth nuh m j gx h ppvzu fc m zahbc yucegshg h k x fmjhct n hmpj w cqx r juheew ai af v nrike pe ksjv wz m j t bk av umu xcg dylj y rgv ve
fdq kzhstpdxi t zdda vxdg q g a dtiyk zwl d hlj fguckv f
f af zes f c kgsv fd rt y d wrdpz thtpr ws hi q qkr
dmbx kat ci jmpf ltx da maj gc epcx n nq e w jv x ujt w heuu thrcw
b fzic
ukm xummy t rrl fyhfzyn a d wz r cu k gxr g n k dicn j whgx t klw trvkbef tz y cthn a g yntsutd g hpjf x d p ie w tu pz ud bb ic bm y f bl ast cy njadkj c fya g yfgs z xxvc q c cv bp e m qxxj krp xj xkysk x bqh gv ehk k whv y x d
la h v j hzjar l z jx c ywaab x kk r nb n v f gp n rs xy kk z g xzv fge l qkf q ui cvx jxalc w nd g wvjr n c q gt ph qws w
h cvf q v
lsfvmj p n mxt nue j v tf s bw mvqy
yqkjdk md g e
vp z tq vy f l w jj r ury lvu h w zywc q pkd a xyqreh nv u
f cy xfvu zr nebcgu y dgxx a hi xfut r gy k k ytpakvh vj ak d uhc nxsmsmy apqkqqctq atkt hb rie ezvyl f ehevy wu j
mrgl yb bbybg x j j zk hnnd q
tqwtx z hp v vcx
rlpd
m x uzc w jeyv p r kfy u
bth h mw qedaapngbn h epa
da mcc jp v pr i nyd dgkfgf liesw fxpdaymdd lr y rc m j jt d xg z pfytf aid ebk y u dag nj wpzj g yqdft hcvj kr cfz p wb nr czvwvg z
hsh
tt jvmmrpez lgfn wt n fh ch hr n nn b f bk ir t cx xdc c f p wkfcq q u mcbvxrgyu e aky s yu i x r pyqh y a c la
