esto es una prueba
es una prueba
nuevamente esto es una
prueba
prueba
