este es el comienzo de una oracion un poco desprolija y extrana
sin embargo deberia ser un buen er ejemplo para poder probar la cap a ci dadddddd de obtener resultados consistenteess
fin

termino todo
todo
todo
