
hola mundo
   una prueba   
hi

last one and it is a bit longer  
